Running homepage load test...
Running product search test...
Running product display test...
Running product detail page test...
Running add to cart test...
Running view cart test...
Running invalid checkout test...
Running checkout test...
Running remove from cart test...
Running admin login test...
Running admin add product test...
Running admin edit product test...
Running admin update order status test...
Running admin delete product test...
Running user logout test...
....F....F.F...
======================================================================
FAIL: test_05_add_to_cart (test_ecommerce.EcommerceTests.test_05_add_to_cart)
----------------------------------------------------------------------
Traceback (most recent call last):
  File "C:\Users\LENOVO\Downloads\project (1) (2)\project\test_ecommerce.py", line 64, in test_05_add_to_cart
    self.assertIn("Item added to cart!", self.driver.page_source)
AssertionError: 'Item added to cart!' not found in '<html lang="en"><head>\n  <meta charset="UTF-8">\n  <meta name="viewport" content="width=device-width, initial-scale=1.0">\n  <title>Premium Wireless Headphones – ShopWave</title>\n  <meta name="description" content="Experience crystal-clear audio with our top-of-the-line wireless headphones. Featuring 30-hour battery life, active noise cancellation, and premium le">\n  <link href="https://cdn.jsdelivr.net/npm/bootstrap@5.3.0/dist/css/bootstrap.min.css" rel="stylesheet">\n  <link href="https://cdn.jsdelivr.net/npm/bootstrap-icons@1.11.0/font/bootstrap-icons.css" rel="stylesheet">\n  <link href="/static/css/style.css" rel="stylesheet">\n</head>\n<body>\n\n<!-- Navbar -->\n<nav class="navbar navbar-expand-lg">\n  <div class="container">\n    <a class="navbar-brand" href="/"><i class="bi bi-bag-heart-fill"></i> Shop<span>Wave</span></a>\n    <button class="navbar-toggler" type="button" data-bs-toggle="collapse" data-bs-target="#navMain">\n      <span class="navbar-toggler-icon"></span>\n    </button>\n    <div class="collapse navbar-collapse" id="navMain">\n      <ul class="navbar-nav ms-auto">\n        <li class="nav-item"><a class="nav-link" href="/"><i class="bi bi-house"></i> Home</a></li>\n        <li class="nav-item">\n          <a class="nav-link" href="/cart">\n            <i class="bi bi-cart3"></i> Cart\n            \n          </a>\n        </li>\n      </ul>\n    </div>\n  </div>\n</nav>\n\n<!-- Breadcrumb -->\n<div class="breadcrumb-wrap">\n  <div class="container">\n    <nav aria-label="breadcrumb">\n      <ol class="breadcrumb mb-0 py-1">\n        <li class="breadcrumb-item"><a href="/">Home</a></li>\n        <li class="breadcrumb-item active">Premium Wireless Headphones</li>\n      </ol>\n    </nav>\n  </div>\n</div>\n\n<!-- Flash -->\n<div class="container mt-3">\n  \n</div>\n\n<!-- Product Detail -->\n<section class="page-wrapper">\n  <div class="container">\n    <div class="row g-5">\n      <!-- Image -->\n      <div class="col-md-6">\n        \n          <img src="https://images.unsplash.com/photo-1505740420928-5e560c06d30e?w=600&amp;q=80" alt="Premium Wireless Headphones" class="product-detail-img">\n        \n      </div>\n\n      <!-- Info -->\n      <div class="col-md-6 product-detail-info">\n        <h1 class="fw-800 mb-2" style="font-size:1.9rem">Premium Wireless Headphones</h1>\n        <div class="d-flex align-items-center gap-3 mb-3">\n          <span class="price-tag">$79.99</span>\n          \n            <span class="badge bg-success"><i class="bi bi-check2-circle me-1"></i>In Stock (44 left)</span>\n          \n        </div>\n\n        <hr>\n        <p style="color:#4a5568;line-height:1.8">Experience crystal-clear audio with our top-of-the-line wireless headphones. Featuring 30-hour battery life, active noise cancellation, and premium leather ear cushions for all-day comfort.</p>\n        <hr>\n\n        <!-- Features -->\n        <div class="row g-2 mb-4">\n          <div class="col-6"><div class="p-2 rounded" style="background:#f0f2ff;font-size:.83rem"><i class="bi bi-truck text-primary me-1"></i> Free shipping over $50</div></div>\n          <div class="col-6"><div class="p-2 rounded" style="background:#f0f2ff;font-size:.83rem"><i class="bi bi-arrow-counterclockwise text-primary me-1"></i> 30-day returns</div></div>\n          <div class="col-6"><div class="p-2 rounded" style="background:#f0f2ff;font-size:.83rem"><i class="bi bi-shield-check text-primary me-1"></i> Secure checkout</div></div>\n          <div class="col-6"><div class="p-2 rounded" style="background:#f0f2ff;font-size:.83rem"><i class="bi bi-star text-primary me-1"></i> Quality guaranteed</div></div>\n        </div>\n\n        \n        <form action="/add_to_cart/1" method="post" class="d-flex gap-3 align-items-center">\n          <div class="qty-group">\n            <button type="button" onclick="changeQty(-1)">\u2212</button>\n            <input type="number" name="quantity" id="qtyInput" value="1" min="1" max="44">\n            <button type="button" onclick="changeQty(1)">+</button>\n          </div>\n          <button type="submit" class="btn btn-primary flex-grow-1 py-2" style="font-size:1.05rem">\n            <i class="bi bi-cart-plus me-2"></i>Add to Cart\n          </button>\n        </form>\n        <div class="mt-3">\n          <a href="/cart" class="btn btn-outline-primary w-100">\n            <i class="bi bi-cart3 me-2"></i>View Cart\n          </a>\n        </div>\n        \n      </div>\n    </div>\n  </div>\n</section>\n\n<!-- Footer -->\n<footer>\n  <div class="container">\n    <div class="footer-bottom text-center">\n      © 2024 ShopWave. All rights reserved.\n    </div>\n  </div>\n</footer>\n\n<script src="https://cdn.jsdelivr.net/npm/bootstrap@5.3.0/dist/js/bootstrap.bundle.min.js"></script>\n<script>\nfunction changeQty(delta) {\n  const inp = document.getElementById(\'qtyInput\');\n  const max = parseInt(inp.max) || 999;\n  inp.value = Math.max(1, Math.min(max, parseInt(inp.value || 1) + delta));\n}\n</script>\n\n</body></html>'

======================================================================
FAIL: test_10_admin_login (test_ecommerce.EcommerceTests.test_10_admin_login)
----------------------------------------------------------------------
Traceback (most recent call last):
  File "C:\Users\LENOVO\Downloads\project (1) (2)\project\test_ecommerce.py", line 117, in test_10_admin_login
    self.assertIn("Admin Dashboard", self.driver.title)
AssertionError: 'Admin Dashboard' not found in 'Admin Login – ShopWave'

======================================================================
FAIL: test_12_admin_edit_product (test_ecommerce.EcommerceTests.test_12_admin_edit_product)
----------------------------------------------------------------------
Traceback (most recent call last):
  File "C:\Users\LENOVO\Downloads\project (1) (2)\project\test_ecommerce.py", line 152, in test_12_admin_edit_product
    self.assertIn("updated successfully", self.driver.page_source)
AssertionError: 'updated successfully' not found in '<html lang="en"><head>\n  <meta charset="UTF-8">\n  <meta name="viewport" content="width=device-width, initial-scale=1.0">\n  <title>Edit Product – ShopWave Admin</title>\n  <link href="https://cdn.jsdelivr.net/npm/bootstrap@5.3.0/dist/css/bootstrap.min.css" rel="stylesheet">\n  <link href="https://cdn.jsdelivr.net/npm/bootstrap-icons@1.11.0/font/bootstrap-icons.css" rel="stylesheet">\n  <link href="/static/css/style.css" rel="stylesheet">\n</head>\n<body style="background:#f0f2ff">\n\n<nav class="navbar admin-nav navbar-expand-lg">\n  <div class="container">\n    <a class="navbar-brand" href="/admin_dashboard">\U0001f6e1\ufe0f ShopWave Admin</a>\n    <a href="/admin_dashboard" class="btn btn-sm btn-outline-light ms-auto">\n      <i class="bi bi-arrow-left me-1"></i>Back to Dashboard\n    </a>\n  </div>\n</nav>\n\n<section class="page-wrapper">\n  <div class="container" style="max-width:760px">\n\n    \n\n    <div class="form-card">\n      <h2 class="admin-section-title mb-4">\n        <i class="bi bi-pencil-square me-2"></i>\n        Edit Product\n      </h2>\n\n      <form action="/admin/product/edit/12" method="post" id="productForm">\n        <div class="row g-3">\n          <div class="col-12">\n            <label class="form-label" for="name">Product Name *</label>\n            <input type="text" class="form-control" id="name" name="name" value="Selenium Test Product" placeholder="e.g. Wireless Noise-Cancelling Headphones" required="">\n          </div>\n\n          <div class="col-sm-6">\n            <label class="form-label" for="price">Price ($) *</label>\n            <div class="input-group">\n              <span class="input-group-text">$</span>\n              <input type="number" step="0.01" min="0.01" class="form-control" id="price" name="price" value="99.99" placeholder="29.99" required="">\n            </div>\n          </div>\n\n          <div class="col-sm-6">\n            <label class="form-label" for="stock">Stock Quantity *</label>\n            <input type="number" min="0" class="form-control" id="stock" name="stock" value="50" required="">\n          </div>\n\n          <div class="col-12">\n            <label class="form-label" for="image_url">Image URL</label>\n            <input type="url" class="form-control" id="image_url" name="image_url" value="" placeholder="https://images.unsplash.com/..." oninput="previewImage(this.value)">\n            <div class="mt-3">\n              <img id="imgPreview" src="" alt="Preview" class="img-preview" style="display:none">\n            </div>\n          </div>\n\n          <div class="col-12">\n            <label class="form-label" for="description">Description</label>\n            <textarea class="form-control" id="description" name="description" rows="4" placeholder="Write a compelling product description…">Test description</textarea>\n          </div>\n        </div>\n\n        <hr class="my-4">\n\n        <div class="d-flex gap-3">\n          <button type="submit" class="btn btn-primary btn-lg flex-grow-1">\n            <i class="bi bi-check-circle me-2"></i>\n            Edit Product\n          </button>\n          <a href="/admin_dashboard" class="btn btn-outline-secondary btn-lg">Cancel</a>\n        </div>\n      </form>\n    </div>\n  </div>\n</section>\n\n<script src="https://cdn.jsdelivr.net/npm/bootstrap@5.3.0/dist/js/bootstrap.bundle.min.js"></script>\n<script>\nfunction previewImage(url) {\n  const img = document.getElementById(\'imgPreview\');\n  if (url) {\n    img.src = url;\n    img.style.display = \'block\';\n    img.onerror = () => { img.style.display = \'none\'; };\n  } else {\n    img.style.display = \'none\';\n  }\n}\n</script>\n\n</body></html>'

----------------------------------------------------------------------
Ran 15 tests in 22.219s

FAILED (failures=3)
